{"__tenant_id__":"tes", "level":"infoo","request_host":"zerokspot.com","request_method":"GET","request_path":"/tags/licensing/","response_status":"200"}
[01.11.2023 17:07:59] [node001] [INFO] [Export.Csv] [rsvp_flow_stateMachine: entering]
{"__tenant_id__":"boom", "level":"boom","request_host":"zerokspot.com","request_method":"GET","request_path":"/tags/licensing/","response_status":"200"}
{"namespace":"dev","request_host":"zerokspot.com","request_method":"GET","request_path":"/tags/licensing/","response_status":"200"}
